// Jest Snapshot v1, https://goo.gl/fbAQLP

exports[`Input component renders default 1`] = `ReactWrapper {}`;
